Wat wil je bestellen?
Press 1 for a hamburger. Price: 2,95.
Press 2 for a grilled sandwich. Price: 2,45.
Wat wil je bestellen?
Press 1 for a cola. Price: 1,45.
Press 2 for a juice. Price: 1,95.
You ordered:
Grilled Sandwich
Juice
Total price is: 4,40
